ERC report (2026-06-17T10:45:26, Encoding UTF8)
Report includes: Errors, Warnings, Exclusions

***** Sheet /
[power_pin_not_driven]: Input Power pin not driven by any Output Power pins
    ; error
    @(14400 mils, 1350 mils): Symbol J3 Pin 1 [VCC, Power input, Line]
[pin_not_driven]: Input pin not driven by any Output pins
    ; error
    @(14400 mils, 1450 mils): Symbol J3 Pin 2 [RST, Input, Line]
[power_pin_not_driven]: Input Power pin not driven by any Output Power pins
    ; error
    @(16800 mils, 3550 mils): Symbol CN1 Pin 2 [2, Input, Line]
[power_pin_not_driven]: Input Power pin not driven by any Output Power pins
    ; error
    @(18050 mils, 1350 mils): Symbol #PWR032 Pin 1 [Power input, Line]
[power_pin_not_driven]: Input Power pin not driven by any Output Power pins
    ; error
    @(16900 mils, 8750 mils): Symbol U1 Pin B1 [VDD, Power input, Line]
[power_pin_not_driven]: Input Power pin not driven by any Output Power pins
    ; error
    @(17100 mils, 8750 mils): Symbol U1 Pin AD2 [VBUS, Power input, Line]
[pin_not_driven]: Input pin not driven by any Output pins
    ; error
    @(15600 mils, 13350 mils): Symbol U1 Pin AA24 [SWDCLK, Input, Line]
[power_pin_not_driven]: Input Power pin not driven by any Output Power pins
    ; error
    @(30150 mils, 10100 mils): Symbol #PWR074 Pin 1 [Power input, Line]
[pin_to_pin]: Pins of type Unspecified and Power input are connected
    ; warning
    @(5250 mils, 8550 mils): Symbol U2 Pin 1 [GND, Unspecified, Line]
    @(5250 mils, 8550 mils): Symbol #PWR028 Pin 1 [Power input, Line]
[pin_to_pin]: Pins of type Unspecified and Unspecified are connected
    ; warning
    @(5250 mils, 8750 mils): Symbol U2 Pin 3 [SWDCLK, Unspecified, Line]
    @(18550 mils, 2350 mils): Symbol U11 Pin 4 [4, Unspecified, Line]
[pin_to_pin]: Pins of type Unspecified and Unspecified are connected
    ; warning
    @(5250 mils, 8850 mils): Symbol U2 Pin 4 [SWDIO, Unspecified, Line]
    @(18550 mils, 2250 mils): Symbol U11 Pin 2 [2, Unspecified, Line]
[pin_to_pin]: Pins of type Unspecified and Power input are connected
    ; warning
    @(5250 mils, 9150 mils): Symbol U2 Pin 7 [GND, Unspecified, Line]
    @(5250 mils, 9150 mils): Symbol #PWR027 Pin 1 [Power input, Line]
[pin_to_pin]: Pins of type Unspecified and Unspecified are connected
    ; warning
    @(5250 mils, 9350 mils): Symbol U2 Pin 9 [nRESET, Unspecified, Line]
    @(18550 mils, 2650 mils): Symbol U11 Pin 10 [10, Unspecified, Line]
[pin_to_pin]: Pins of type Unspecified and Unspecified are connected
    ; warning
    @(5250 mils, 9450 mils): Symbol U2 Pin 10 [ENABLE, Unspecified, Line]
    @(5250 mils, 9850 mils): Symbol U2 Pin 14 [VDD, Unspecified, Line]
[pin_to_pin]: Pins of type Unspecified and Power input are connected
    ; warning
    @(6650 mils, 8600 mils): Symbol U2 Pin 113 [GND, Unspecified, Line]
    @(6650 mils, 8600 mils): Symbol #PWR01 Pin 1 [Power input, Line]
[pin_to_pin]: Pins of type Unspecified and Power input are connected
    ; warning
    @(6650 mils, 8700 mils): Symbol U2 Pin 112 [GND, Unspecified, Line]
    @(6650 mils, 8700 mils): Symbol #PWR02 Pin 1 [Power input, Line]
[pin_to_pin]: Pins of type Unspecified and Power input are connected
    ; warning
    @(6650 mils, 8800 mils): Symbol U2 Pin 111 [GND, Unspecified, Line]
    @(6650 mils, 8800 mils): Symbol #PWR03 Pin 1 [Power input, Line]
[pin_to_pin]: Pins of type Unspecified and Power input are connected
    ; warning
    @(5250 mils, 9750 mils): Symbol U2 Pin 13 [GND, Unspecified, Line]
    @(5250 mils, 9750 mils): Symbol #PWR026 Pin 1 [Power input, Line]
[pin_to_pin]: Pins of type Unspecified and Power input are connected
    ; warning
    @(6650 mils, 8900 mils): Symbol U2 Pin 110 [GND, Unspecified, Line]
    @(6650 mils, 8900 mils): Symbol #PWR04 Pin 1 [Power input, Line]
[pin_to_pin]: Pins of type Unspecified and Unspecified are connected
    ; warning
    @(5250 mils, 9850 mils): Symbol U2 Pin 14 [VDD, Unspecified, Line]
    @(26450 mils, 10750 mils): Symbol U3 Pin C1 [VSYS, Unspecified, Line]
[pin_to_pin]: Pins of type Unspecified and Power input are connected
    ; warning
    @(6650 mils, 9000 mils): Symbol U2 Pin 109 [GND, Unspecified, Line]
    @(6650 mils, 9000 mils): Symbol #PWR05 Pin 1 [Power input, Line]
[pin_to_pin]: Pins of type Unspecified and Power input are connected
    ; warning
    @(5250 mils, 9950 mils): Symbol U2 Pin 15 [GND, Unspecified, Line]
    @(5250 mils, 9950 mils): Symbol #PWR023 Pin 1 [Power input, Line]
[pin_to_pin]: Pins of type Unspecified and Power input are connected
    ; warning
    @(6650 mils, 9100 mils): Symbol U2 Pin 108 [GND, Unspecified, Line]
    @(6650 mils, 9100 mils): Symbol #PWR06 Pin 1 [Power input, Line]
[pin_to_pin]: Pins of type Unspecified and Power input are connected
    ; warning
    @(6650 mils, 9200 mils): Symbol U2 Pin 107 [GND, Unspecified, Line]
    @(6650 mils, 9200 mils): Symbol #PWR07 Pin 1 [Power input, Line]
[pin_to_pin]: Pins of type Unspecified and Power input are connected
    ; warning
    @(6650 mils, 9300 mils): Symbol U2 Pin 106 [GND, Unspecified, Line]
    @(6650 mils, 9300 mils): Symbol #PWR08 Pin 1 [Power input, Line]
[pin_to_pin]: Pins of type Unspecified and Power input are connected
    ; warning
    @(6650 mils, 9400 mils): Symbol U2 Pin 105 [GND, Unspecified, Line]
    @(6650 mils, 9400 mils): Symbol #PWR09 Pin 1 [Power input, Line]
[pin_to_pin]: Pins of type Unspecified and Passive are connected
    ; warning
    @(5250 mils, 10350 mils): Symbol U2 Pin 19 [SIM_1V8, Unspecified, Line]
    @(14050 mils, 1350 mils): Symbol C1 Pin 1 [Passive, Line]
[pin_to_pin]: Pins of type Unspecified and Unspecified are connected
    ; warning
    @(11450 mils, 1950 mils): Symbol U5 Pin 4 [EN, Unspecified, Line]
    @(11450 mils, 2050 mils): Symbol U5 Pin 5 [IN, Unspecified, Line]
[pin_to_pin]: Pins of type Unspecified and Passive are connected
    ; warning
    @(11450 mils, 2050 mils): Symbol U5 Pin 5 [IN, Unspecified, Line]
    @(11300 mils, 2150 mils): Symbol C10 Pin 1 [Passive, Line]
[pin_to_pin]: Pins of type Unspecified and Power input are connected
    ; warning
    @(5250 mils, 10450 mils): Symbol U2 Pin 20 [GND, Unspecified, Line]
    @(5250 mils, 10450 mils): Symbol #PWR024 Pin 1 [Power input, Line]
[pin_to_pin]: Pins of type Unspecified and Passive are connected
    ; warning
    @(5250 mils, 10850 mils): Symbol U2 Pin 24 [DEC0, Unspecified, Line]
    @(4700 mils, 10850 mils): Symbol C31 Pin 2 [Passive, Line]
[pin_to_pin]: Pins of type Unspecified and Unspecified are connected
    ; warning
    @(11450 mils, 3850 mils): Symbol U12 Pin 4 [EN, Unspecified, Line]
    @(11450 mils, 3950 mils): Symbol U12 Pin 5 [IN, Unspecified, Line]
[pin_to_pin]: Pins of type Unspecified and Passive are connected
    ; warning
    @(11450 mils, 3950 mils): Symbol U12 Pin 5 [IN, Unspecified, Line]
    @(11300 mils, 4050 mils): Symbol C16 Pin 1 [Passive, Line]
[pin_to_pin]: Pins of type Unspecified and Power input are connected
    ; warning
    @(5250 mils, 10950 mils): Symbol U2 Pin 25 [GND, Unspecified, Line]
    @(5250 mils, 10950 mils): Symbol #PWR036 Pin 1 [Power input, Line]
[pin_to_pin]: Pins of type Unspecified and Passive are connected
    ; warning
    @(12250 mils, 1950 mils): Symbol U5 Pin 3 [FB, Unspecified, Line]
    @(12950 mils, 1850 mils): Symbol R5 Pin 2 [Passive, Line]
[pin_to_pin]: Pins of type Unspecified and Power input are connected
    ; warning
    @(12250 mils, 2050 mils): Symbol U5 Pin 2 [GND, Unspecified, Line]
    @(12250 mils, 2050 mils): Symbol #PWR059 Pin 1 [Power input, Line]
[pin_to_pin]: Pins of type Unspecified and Passive are connected
    ; warning
    @(12250 mils, 2150 mils): Symbol U5 Pin 1 [SW, Unspecified, Line]
    @(12000 mils, 1400 mils): Symbol L1 Pin 2 [2, Passive, Line]
[pin_to_pin]: Pins of type Unspecified and Passive are connected
    ; warning
    @(5250 mils, 11350 mils): Symbol U2 Pin 29 [VIO, Unspecified, Line]
    @(4600 mils, 11350 mils): Symbol C32 Pin 2 [Passive, Line]
[pin_to_pin]: Pins of type Unspecified and Passive are connected
    ; warning
    @(12450 mils, 1400 mils): Symbol D4 Pin 2 [A, Unspecified, Line]
    @(12000 mils, 1400 mils): Symbol L1 Pin 2 [2, Passive, Line]
[pin_to_pin]: Pins of type Unspecified and Power input are connected
    ; warning
    @(5250 mils, 11450 mils): Symbol U2 Pin 30 [GND, Unspecified, Line]
    @(5250 mils, 11450 mils): Symbol #PWR025 Pin 1 [Power input, Line]
[pin_to_pin]: Pins of type Unspecified and Unspecified are connected
    ; warning
    @(11450 mils, 5750 mils): Symbol U13 Pin 4 [EN, Unspecified, Line]
    @(11450 mils, 5850 mils): Symbol U13 Pin 5 [IN, Unspecified, Line]
[footprint_link_issues]: Footprint 'LGA-113_L12.1-W11.1_NRF9151-SICA' not found in library 'easyeda2kicad'
    ; warning
    @(6000 mils, 11350 mils): Symbol U2 [NRF9151-SICA]
[lib_symbol_issues]: Symbol 'NRF9151-SICA' not found in symbol library 'easyeda2kicad'
    ; warning
    @(6000 mils, 11350 mils): Symbol U2 [NRF9151-SICA]
[pin_to_pin]: Pins of type Unspecified and Passive are connected
    ; warning
    @(12250 mils, 3850 mils): Symbol U12 Pin 3 [FB, Unspecified, Line]
    @(12950 mils, 3750 mils): Symbol R19 Pin 2 [Passive, Line]
[pin_to_pin]: Pins of type Unspecified and Passive are connected
    ; warning
    @(11450 mils, 5850 mils): Symbol U13 Pin 5 [IN, Unspecified, Line]
    @(11300 mils, 5950 mils): Symbol C18 Pin 1 [Passive, Line]
[pin_to_pin]: Pins of type Unspecified and Power input are connected
    ; warning
    @(12250 mils, 3950 mils): Symbol U12 Pin 2 [GND, Unspecified, Line]
    @(12250 mils, 3950 mils): Symbol #PWR095 Pin 1 [Power input, Line]
[pin_to_pin]: Pins of type Unspecified and Passive are connected
    ; warning
    @(12450 mils, 3300 mils): Symbol D14 Pin 2 [A, Unspecified, Line]
    @(12000 mils, 3300 mils): Symbol L2 Pin 2 [2, Passive, Line]
[pin_to_pin]: Pins of type Unspecified and Passive are connected
    ; warning
    @(12250 mils, 4050 mils): Symbol U12 Pin 1 [SW, Unspecified, Line]
    @(12000 mils, 3300 mils): Symbol L2 Pin 2 [2, Passive, Line]
[pin_to_pin]: Pins of type Unspecified and Passive are connected
    ; warning
    @(12850 mils, 1400 mils): Symbol D4 Pin 1 [K, Unspecified, Line]
    @(12950 mils, 1550 mils): Symbol R5 Pin 1 [Passive, Line]
[pin_to_pin]: Pins of type Unspecified and Power input are connected
    ; warning
    @(5250 mils, 11850 mils): Symbol U2 Pin 34 [GND, Unspecified, Line]
    @(5250 mils, 11850 mils): Symbol #PWR022 Pin 1 [Power input, Line]
[pin_to_pin]: Pins of type Unspecified and Unspecified are connected
    ; warning
    @(5250 mils, 11950 mils): Symbol U2 Pin 35 [ANT, Unspecified, Line]
    @(16400 mils, 1850 mils): Symbol U6 Pin 1 [1, Unspecified, Line]
[pin_to_pin]: Pins of type Unspecified and Power input are connected
    ; warning
    @(5250 mils, 12050 mils): Symbol U2 Pin 36 [GND, Unspecified, Line]
    @(5250 mils, 12050 mils): Symbol #PWR0125 Pin 1 [Power input, Line]
[pin_to_pin]: Pins of type Unspecified and Passive are connected
    ; warning
    @(12850 mils, 3300 mils): Symbol D14 Pin 1 [K, Unspecified, Line]
    @(12950 mils, 3450 mils): Symbol R19 Pin 1 [Passive, Line]
[pin_to_pin]: Pins of type Unspecified and Power input are connected
    ; warning
    @(5250 mils, 12250 mils): Symbol U2 Pin 38 [GND, Unspecified, Line]
    @(5250 mils, 12250 mils): Symbol #PWR018 Pin 1 [Power input, Line]
[pin_to_pin]: Pins of type Unspecified and Power input are connected
    ; warning
    @(5250 mils, 12350 mils): Symbol U2 Pin 39 [GND, Unspecified, Line]
    @(5250 mils, 12350 mils): Symbol #PWR019 Pin 1 [Power input, Line]
[pin_to_pin]: Pins of type Unspecified and Passive are connected
    ; warning
    @(12450 mils, 5200 mils): Symbol D15 Pin 2 [A, Unspecified, Line]
    @(12000 mils, 5200 mils): Symbol L3 Pin 2 [2, Passive, Line]
[pin_to_pin]: Pins of type Unspecified and Power input are connected
    ; warning
    @(5250 mils, 12450 mils): Symbol U2 Pin 40 [GND, Unspecified, Line]
    @(5250 mils, 12450 mils): Symbol #PWR020 Pin 1 [Power input, Line]
[pin_to_pin]: Pins of type Unspecified and Passive are connected
    ; warning
    @(12250 mils, 5750 mils): Symbol U13 Pin 3 [FB, Unspecified, Line]
    @(12950 mils, 5650 mils): Symbol R21 Pin 2 [Passive, Line]
[pin_to_pin]: Pins of type Unspecified and Power input are connected
    ; warning
    @(12250 mils, 5850 mils): Symbol U13 Pin 2 [GND, Unspecified, Line]
    @(12250 mils, 5850 mils): Symbol #PWR0101 Pin 1 [Power input, Line]
[pin_to_pin]: Pins of type Unspecified and Power input are connected
    ; warning
    @(5250 mils, 12550 mils): Symbol U2 Pin 41 [GND, Unspecified, Line]
    @(5250 mils, 12550 mils): Symbol #PWR021 Pin 1 [Power input, Line]
[pin_to_pin]: Pins of type Unspecified and Passive are connected
    ; warning
    @(12250 mils, 5950 mils): Symbol U13 Pin 1 [SW, Unspecified, Line]
    @(12000 mils, 5200 mils): Symbol L3 Pin 2 [2, Passive, Line]
[lib_symbol_issues]: Symbol 'BATT_5V' not found in symbol library 'power'
    ; warning
    @(13550 mils, 1400 mils): Symbol #PWR064 [BATT_5V]
[pin_to_pin]: Pins of type Unspecified and Unspecified are connected
    ; warning
    @(5250 mils, 12650 mils): Symbol U2 Pin 42 [GPS, Unspecified, Line]
    @(17100 mils, 1850 mils): Symbol U10 Pin 1 [1, Unspecified, Line]
[pin_to_pin]: Pins of type Unspecified and Unspecified are connected
    ; warning
    @(6650 mils, 12000 mils): Symbol U2 Pin 79 [P0.18, Unspecified, Line]
    @(18550 mils, 2450 mils): Symbol U11 Pin 6 [6, Unspecified, Line]
[pin_to_pin]: Pins of type Unspecified and Power input are connected
    ; warning
    @(5250 mils, 12750 mils): Symbol U2 Pin 43 [GND, Unspecified, Line]
    @(5250 mils, 12750 mils): Symbol #PWR017 Pin 1 [Power input, Line]
[pin_to_pin]: Pins of type Unspecified and Bidirectional are connected
    ; warning
    @(6650 mils, 12100 mils): Symbol U2 Pin 78 [P0.17, Unspecified, Line]
    @(18200 mils, 10250 mils): Symbol U1 Pin U1 [TRACEDATA1/P0.12, Bidirectional, Line]
[pin_to_pin]: Pins of type Unspecified and Passive are connected
    ; warning
    @(12850 mils, 5200 mils): Symbol D15 Pin 1 [K, Unspecified, Line]
    @(12950 mils, 5350 mils): Symbol R21 Pin 1 [Passive, Line]
[pin_to_pin]: Pins of type Unspecified and Bidirectional are connected
    ; warning
    @(6650 mils, 12200 mils): Symbol U2 Pin 77 [P0.16, Unspecified, Line]
    @(18200 mils, 10350 mils): Symbol U1 Pin AD8 [P0.13, Bidirectional, Line]
[pin_to_pin]: Pins of type Unspecified and Power input are connected
    ; warning
    @(6650 mils, 12300 mils): Symbol U2 Pin 76 [GND, Unspecified, Line]
    @(6650 mils, 12300 mils): Symbol #PWR010 Pin 1 [Power input, Line]
[pin_to_pin]: Pins of type Unspecified and Power input are connected
    ; warning
    @(5250 mils, 13050 mils): Symbol U2 Pin 46 [GND, Unspecified, Line]
    @(5250 mils, 13050 mils): Symbol #PWR016 Pin 1 [Power input, Line]
[lib_symbol_mismatch]: Symbol 'PWR_FLAG' doesn't match copy in library 'power'
    ; warning
    @(13400 mils, 5200 mils): Symbol #FLG001 [PWR_FLAG]
[pin_to_pin]: Pins of type Unspecified and Power input are connected
    ; warning
    @(6650 mils, 12800 mils): Symbol U2 Pin 71 [GND, Unspecified, Line]
    @(6650 mils, 12800 mils): Symbol #PWR011 Pin 1 [Power input, Line]
[pin_to_pin]: Pins of type Unspecified and Power input are connected
    ; warning
    @(5250 mils, 13550 mils): Symbol U2 Pin 51 [GND, Unspecified, Line]
    @(5250 mils, 13550 mils): Symbol #PWR015 Pin 1 [Power input, Line]
[pin_to_pin]: Pins of type Unspecified and Passive are connected
    ; warning
    @(5250 mils, 13850 mils): Symbol U2 Pin 54 [COEX2, Unspecified, Line]
    @(4800 mils, 13850 mils): Symbol R25 Pin 1 [Passive, Line]
[pin_to_pin]: Pins of type Unspecified and Unspecified are connected
    ; warning
    @(14600 mils, 2500 mils): Symbol D3 Pin 1 [1, Unspecified, Line]
    @(15400 mils, 2500 mils): Symbol D3 Pin 6 [6, Unspecified, Line]
[pin_to_pin]: Pins of type Unspecified and Input are connected
    ; warning
    @(14600 mils, 2600 mils): Symbol D3 Pin 2 [2, Unspecified, Line]
    @(14400 mils, 1450 mils): Symbol J3 Pin 2 [RST, Input, Line]
[pin_to_pin]: Pins of type Unspecified and Passive are connected
    ; warning
    @(14600 mils, 2700 mils): Symbol D3 Pin 4 [4, Unspecified, Line]
    @(14350 mils, 3000 mils): Symbol R3 Pin 1 [Passive, Line]
[pin_to_pin]: Pins of type Unspecified and Passive are connected
    ; warning
    @(14600 mils, 2800 mils): Symbol D3 Pin 5 [5, Unspecified, Line]
    @(14550 mils, 3000 mils): Symbol R4 Pin 1 [Passive, Line]
[pin_to_pin]: Pins of type Unspecified and Power input are connected
    ; warning
    @(6650 mils, 13300 mils): Symbol U2 Pin 66 [GND, Unspecified, Line]
    @(6650 mils, 13300 mils): Symbol #PWR012 Pin 1 [Power input, Line]
[pin_to_pin]: Pins of type Unspecified and Power input are connected
    ; warning
    @(5250 mils, 13950 mils): Symbol U2 Pin 55 [GND, Unspecified, Line]
    @(5250 mils, 13950 mils): Symbol #PWR014 Pin 1 [Power input, Line]
[pin_to_pin]: Pins of type Unspecified and Passive are connected
    ; warning
    @(6650 mils, 13400 mils): Symbol U2 Pin 65 [VDD_GPIO, Unspecified, Line]
    @(7150 mils, 13400 mils): Symbol C29 Pin 2 [Passive, Line]
[pin_to_pin]: Pins of type Unspecified and Power input are connected
    ; warning
    @(6650 mils, 13900 mils): Symbol U2 Pin 60 [GND, Unspecified, Line]
    @(6650 mils, 13900 mils): Symbol #PWR013 Pin 1 [Power input, Line]
[pin_to_pin]: Pins of type Unspecified and Power input are connected
    ; warning
    @(15100 mils, 3100 mils): Symbol D3 Pin 3 [GND, Unspecified, Line]
    @(15100 mils, 3100 mils): Symbol #PWR056 Pin 1 [Power input, Line]
[pin_to_pin]: Pins of type Unspecified and Power input are connected
    ; warning
    @(15200 mils, 3100 mils): Symbol D3 Pin 8 [GND, Unspecified, Line]
    @(15200 mils, 3100 mils): Symbol #PWR057 Pin 1 [Power input, Line]
[pin_to_pin]: Pins of type Unspecified and Passive are connected
    ; warning
    @(15400 mils, 2500 mils): Symbol D3 Pin 6 [6, Unspecified, Line]
    @(14050 mils, 1350 mils): Symbol C1 Pin 1 [Passive, Line]
[pin_to_pin]: Pins of type Unspecified and Unspecified are connected
    ; warning
    @(15400 mils, 2600 mils): Symbol D3 Pin 7 [7, Unspecified, Line]
    @(5250 mils, 10050 mils): Symbol U2 Pin 16 [SIM_RST, Unspecified, Line]
[pin_to_pin]: Pins of type Unspecified and Unspecified are connected
    ; warning
    @(15400 mils, 2700 mils): Symbol D3 Pin 9 [9, Unspecified, Line]
    @(5250 mils, 10250 mils): Symbol U2 Pin 18 [SIM_CLK, Unspecified, Line]
[pin_to_pin]: Pins of type Unspecified and Unspecified are connected
    ; warning
    @(15400 mils, 2800 mils): Symbol D3 Pin 10 [10, Unspecified, Line]
    @(5250 mils, 10150 mils): Symbol U2 Pin 17 [SIM_IO, Unspecified, Line]
[pin_to_pin]: Pins of type Unspecified and Power input are connected
    ; warning
    @(16150 mils, 1550 mils): Symbol U6 Pin 2 [2, Unspecified, Line]
    @(16150 mils, 1550 mils): Symbol #PWR033 Pin 1 [Power input, Line]
[pin_to_pin]: Pins of type Unspecified and Power input are connected
    ; warning
    @(16150 mils, 2150 mils): Symbol U6 Pin 3 [3, Unspecified, Line]
    @(16150 mils, 2150 mils): Symbol #PWR051 Pin 1 [Power input, Line]
[lib_symbol_mismatch]: Symbol 'BWU.FL-IPEX1' doesn't match copy in library 'easyeda2kicad'
    ; warning
    @(16200 mils, 1850 mils): Symbol U6 [BWU.FL-IPEX1]
[pin_to_pin]: Pins of type Unspecified and Power input are connected
    ; warning
    @(13400 mils, 9750 mils): Symbol U7 Pin 2 [2, Unspecified, Line]
    @(13400 mils, 9750 mils): Symbol #PWR072 Pin 1 [Power input, Line]
[lib_symbol_mismatch]: Symbol 'B2B-PH-K-S' doesn't match copy in library 'easyeda2kicad'
    ; warning
    @(16550 mils, 3450 mils): Symbol CN1 [B2B-PH-K-S]
[pin_to_pin]: Pins of type Unspecified and Power input are connected
    ; warning
    @(16850 mils, 1550 mils): Symbol U10 Pin 2 [2, Unspecified, Line]
    @(16850 mils, 1550 mils): Symbol #PWR053 Pin 1 [Power input, Line]
[pin_to_pin]: Pins of type Unspecified and Power input are connected
    ; warning
    @(16850 mils, 2150 mils): Symbol U10 Pin 3 [3, Unspecified, Line]
    @(16850 mils, 2150 mils): Symbol #PWR052 Pin 1 [Power input, Line]
[lib_symbol_mismatch]: Symbol 'BWU.FL-IPEX1' doesn't match copy in library 'easyeda2kicad'
    ; warning
    @(16900 mils, 1850 mils): Symbol U10 [BWU.FL-IPEX1]
[pin_to_pin]: Pins of type Unspecified and Passive are connected
    ; warning
    @(14300 mils, 9750 mils): Symbol U7 Pin 1 [1, Unspecified, Line]
    @(14650 mils, 9750 mils): Symbol C26 Pin 2 [Passive, Line]
[pin_to_pin]: Pins of type Unspecified and Power input are connected
    ; warning
    @(18050 mils, 1250 mils): Symbol U9 Pin 1 [1, Unspecified, Line]
    @(18050 mils, 1250 mils): Symbol #PWR030 Pin 1 [Power input, Line]
[pin_to_pin]: Pins of type Unspecified and Power input are connected
    ; warning
    @(18050 mils, 1350 mils): Symbol U9 Pin 2 [2, Unspecified, Line]
    @(18050 mils, 1350 mils): Symbol #PWR032 Pin 1 [Power input, Line]
[isolated_pin_label]: Label connected to only one pin
    ; warning
    @(18050 mils, 1450 mils): Label 'TX_9151'
[isolated_pin_label]: Label connected to only one pin
    ; warning
    @(18050 mils, 1550 mils): Label 'RX_9151'
[isolated_pin_label]: Label connected to only one pin
    ; warning
    @(18050 mils, 2250 mils): Label 'VCC_9151'
[pin_to_pin]: Pins of type Unspecified and Power input are connected
    ; warning
    @(18050 mils, 2350 mils): Symbol U11 Pin 3 [3, Unspecified, Line]
    @(18050 mils, 2350 mils): Symbol #PWR042 Pin 1 [Power input, Line]
[pin_to_pin]: Pins of type Unspecified and Power input are connected
    ; warning
    @(18050 mils, 2450 mils): Symbol U11 Pin 5 [5, Unspecified, Line]
    @(18050 mils, 2450 mils): Symbol #PWR077 Pin 1 [Power input, Line]
[pin_to_pin]: Pins of type Unspecified and Power input are connected
    ; warning
    @(18050 mils, 2650 mils): Symbol U11 Pin 9 [9, Unspecified, Line]
    @(18050 mils, 2650 mils): Symbol #PWR081 Pin 1 [Power input, Line]
[isolated_pin_label]: Label connected to only one pin
    ; warning
    @(18050 mils, 3200 mils): Label 'VCC_52840'
[pin_to_pin]: Pins of type Unspecified and Power input are connected
    ; warning
    @(18050 mils, 3300 mils): Symbol U14 Pin 3 [3, Unspecified, Line]
    @(18050 mils, 3300 mils): Symbol #PWR078 Pin 1 [Power input, Line]
[pin_to_pin]: Pins of type Unspecified and Power input are connected
    ; warning
    @(18050 mils, 3400 mils): Symbol U14 Pin 5 [5, Unspecified, Line]
    @(18050 mils, 3400 mils): Symbol #PWR079 Pin 1 [Power input, Line]
[pin_to_pin]: Pins of type Unspecified and Power input are connected
    ; warning
    @(18050 mils, 3600 mils): Symbol U14 Pin 9 [9, Unspecified, Line]
    @(18050 mils, 3600 mils): Symbol #PWR080 Pin 1 [Power input, Line]
[pin_to_pin]: Pins of type Unspecified and Bidirectional are connected
    ; warning
    @(18550 mils, 3200 mils): Symbol U14 Pin 2 [2, Unspecified, Line]
    @(15600 mils, 13450 mils): Symbol U1 Pin AC24 [SWDIO, Bidirectional, Line]
[pin_to_pin]: Pins of type Unspecified and Input are connected
    ; warning
    @(18550 mils, 3300 mils): Symbol U14 Pin 4 [4, Unspecified, Line]
    @(15600 mils, 13350 mils): Symbol U1 Pin AA24 [SWDCLK, Input, Line]
[pin_to_pin]: Pins of type Unspecified and Bidirectional are connected
    ; warning
    @(18550 mils, 3400 mils): Symbol U14 Pin 6 [6, Unspecified, Line]
    @(18200 mils, 12250 mils): Symbol U1 Pin AD22 [TRACEDATA0/P1.00, Bidirectional, Line]
[pin_to_pin]: Pins of type Unspecified and Bidirectional are connected
    ; warning
    @(18550 mils, 3600 mils): Symbol U14 Pin 10 [10, Unspecified, Line]
    @(15600 mils, 13250 mils): Symbol U1 Pin AC13 [P0.18/~{RESET}, Bidirectional, Line]
[pin_to_pin]: Pins of type Unspecified and Power input are connected
    ; warning
    @(20050 mils, 1350 mils): Symbol U8 Pin 1 [1, Unspecified, Line]
    @(20050 mils, 1350 mils): Symbol #PWR055 Pin 1 [Power input, Line]
[pin_to_pin]: Pins of type Unspecified and Bidirectional are connected
    ; warning
    @(20050 mils, 1450 mils): Symbol U8 Pin 2 [2, Unspecified, Line]
    @(18200 mils, 11650 mils): Symbol U1 Pin H2 [P0.27, Bidirectional, Line]
[pin_to_pin]: Pins of type Unspecified and Bidirectional are connected
    ; warning
    @(20050 mils, 1550 mils): Symbol U8 Pin 3 [3, Unspecified, Line]
    @(18200 mils, 11550 mils): Symbol U1 Pin G1 [P0.26, Bidirectional, Line]
[pin_to_pin]: Pins of type Unspecified and Power input are connected
    ; warning
    @(20050 mils, 1650 mils): Symbol U8 Pin 4 [4, Unspecified, Line]
    @(20050 mils, 1650 mils): Symbol #PWR_SEN_VIN01 Pin 1 [Power input, Line]
[isolated_pin_label]: Label connected to only one pin
    ; warning
    @(20050 mils, 1750 mils): Label 'SEN_IRQ'
[isolated_pin_label]: Label connected to only one pin
    ; warning
    @(19950 mils, 3350 mils): Label 'Solenoid'
[lib_symbol_mismatch]: Symbol 'SM06B-SRSS-TB' doesn't match copy in library 'easyeda2kicad'
    ; warning
    @(20300 mils, 1600 mils): Symbol U8 [SM06B-SRSS-TB]
[lib_symbol_mismatch]: Symbol 'PWR_FLAG' doesn't match copy in library 'power'
    ; warning
    @(20850 mils, 2550 mils): Symbol #FLG002 [PWR_FLAG]
[pin_to_pin]: Pins of type Unspecified and Power output are connected
    ; warning
    @(20850 mils, 2800 mils): Symbol D13 Pin 1 [K, Unspecified, Line]
    @(20850 mils, 2550 mils): Symbol #FLG002 Pin 1 [pwr, Power output, Line]
[pin_to_pin]: Pins of type Unspecified and Passive are connected
    ; warning
    @(20850 mils, 3200 mils): Symbol D13 Pin 2 [A, Unspecified, Line]
    @(20550 mils, 3250 mils): Symbol Q3 Pin 3 [D, Passive, Line]
[lib_symbol_issues]: Symbol 'BATT_5V' not found in symbol library 'power'
    ; warning
    @(21750 mils, 1600 mils): Symbol #PWR035 [BATT_5V]
[lib_symbol_mismatch]: Symbol 'PWR_FLAG' doesn't match copy in library 'power'
    ; warning
    @(21750 mils, 2000 mils): Symbol #FLG003 [PWR_FLAG]
[pin_to_pin]: Pins of type Unspecified and Power input are connected
    ; warning
    @(21700 mils, 3300 mils): Symbol U4 Pin 1 [SDO, Unspecified, Line]
    @(21700 mils, 3300 mils): Symbol #PWR0118 Pin 1 [Power input, Line]
[pin_to_pin]: Pins of type Unspecified and Passive are connected
    ; warning
    @(21700 mils, 3400 mils): Symbol U4 Pin 2 [SDX, Unspecified, Line]
    @(21600 mils, 3300 mils): Symbol R26 Pin 2 [Passive, Line]
[pin_to_pin]: Pins of type Unspecified and Power input are connected
    ; warning
    @(21700 mils, 3500 mils): Symbol U4 Pin 3 [VDDIO, Unspecified, Line]
    @(21700 mils, 3500 mils): Symbol #PWR0113 Pin 1 [Power input, Line]
[pin_to_pin]: Pins of type Unspecified and Bidirectional are connected
    ; warning
    @(21700 mils, 3700 mils): Symbol U4 Pin 5 [INT1, Unspecified, Line]
    @(18200 mils, 10950 mils): Symbol U1 Pin AD16 [P0.20, Bidirectional, Line]
[pin_to_pin]: Pins of type Unspecified and Bidirectional are connected
    ; warning
    @(21700 mils, 3800 mils): Symbol U4 Pin 6 [INT2, Unspecified, Line]
    @(18200 mils, 11050 mils): Symbol U1 Pin AC17 [P0.21, Bidirectional, Line]
[lib_symbol_mismatch]: Symbol 'BMA400' doesn't match copy in library 'easyeda2kicad'
    ; warning
    @(22200 mils, 3550 mils): Symbol U4 [BMA400]
[pin_to_pin]: Pins of type Unspecified and Passive are connected
    ; warning
    @(22700 mils, 3300 mils): Symbol U4 Pin 12 [SCX, Unspecified, Line]
    @(22700 mils, 3150 mils): Symbol R27 Pin 2 [Passive, Line]
[pin_to_pin]: Pins of type Unspecified and Power input are connected
    ; warning
    @(22700 mils, 3500 mils): Symbol U4 Pin 10 [CSB, Unspecified, Line]
    @(22700 mils, 3500 mils): Symbol #PWR0121 Pin 1 [Power input, Line]
[pin_to_pin]: Pins of type Unspecified and Power input are connected
    ; warning
    @(22700 mils, 3600 mils): Symbol U4 Pin 9 [GND, Unspecified, Line]
    @(22700 mils, 3600 mils): Symbol #PWR029 Pin 1 [Power input, Line]
[pin_to_pin]: Pins of type Unspecified and Power input are connected
    ; warning
    @(22700 mils, 3700 mils): Symbol U4 Pin 8 [GNDIO, Unspecified, Line]
    @(22700 mils, 3700 mils): Symbol #PWR0108 Pin 1 [Power input, Line]
[pin_to_pin]: Pins of type Unspecified and Power input are connected
    ; warning
    @(22700 mils, 3800 mils): Symbol U4 Pin 7 [VDD, Unspecified, Line]
    @(22700 mils, 3800 mils): Symbol #PWR0120 Pin 1 [Power input, Line]
[pin_to_pin]: Pins of type Unspecified and Unspecified are connected
    ; warning
    @(25100 mils, 9250 mils): Symbol LED1 Pin 4 [+, Unspecified, Line]
    @(26450 mils, 10750 mils): Symbol U3 Pin C1 [VSYS, Unspecified, Line]
[pin_to_pin]: Pins of type Unspecified and Unspecified are connected
    ; warning
    @(25650 mils, 8950 mils): Symbol LED1 Pin 1 [R-, Unspecified, Line]
    @(26450 mils, 9350 mils): Symbol U3 Pin A1 [LED0, Unspecified, Line]
[pin_to_pin]: Pins of type Unspecified and Unspecified are connected
    ; warning
    @(25650 mils, 9250 mils): Symbol LED1 Pin 2 [G-, Unspecified, Line]
    @(26450 mils, 9450 mils): Symbol U3 Pin A2 [LED1, Unspecified, Line]
[pin_to_pin]: Pins of type Unspecified and Unspecified are connected
    ; warning
    @(25650 mils, 9550 mils): Symbol LED1 Pin 3 [B-, Unspecified, Line]
    @(26450 mils, 9550 mils): Symbol U3 Pin A3 [LED2, Unspecified, Line]
[pin_to_pin]: Pins of type Unspecified and Unspecified are connected
    ; warning
    @(26450 mils, 9650 mils): Symbol U3 Pin A4 [LSOUT1/VOUTLDO1, Unspecified, Line]
    @(20050 mils, 1850 mils): Symbol U8 Pin 6 [6, Unspecified, Line]
[pin_to_pin]: Pins of type Unspecified and Power input are connected
    ; warning
    @(26450 mils, 9850 mils): Symbol U3 Pin A6 [AVSS, Unspecified, Line]
    @(26450 mils, 9850 mils): Symbol #PWR076 Pin 1 [Power input, Line]
[pin_to_pin]: Pins of type Unspecified and Power input are connected
    ; warning
    @(26450 mils, 9950 mils): Symbol U3 Pin A7 [PVSS1, Unspecified, Line]
    @(26450 mils, 9850 mils): Symbol #PWR076 Pin 1 [Power input, Line]
[pin_to_pin]: Pins of type Unspecified and Unspecified are connected
    ; warning
    @(26450 mils, 10050 mils): Symbol U3 Pin B1 [VBUS, Unspecified, Line]
    @(26450 mils, 10150 mils): Symbol U3 Pin B2 [VBUS, Unspecified, Line]
[pin_to_pin]: Pins of type Unspecified and Passive are connected
    ; warning
    @(26450 mils, 10150 mils): Symbol U3 Pin B2 [VBUS, Unspecified, Line]
    @(26050 mils, 11300 mils): Symbol C5 Pin 1 [Passive, Line]
[pin_to_pin]: Pins of type Unspecified and Power input are connected
    ; warning
    @(26450 mils, 10350 mils): Symbol U3 Pin B4 [LSIN1/VINLDO1, Unspecified, Line]
    @(26450 mils, 10350 mils): Symbol #PWR075 Pin 1 [Power input, Line]
[pin_to_pin]: Pins of type Unspecified and Passive are connected
    ; warning
    @(26450 mils, 10550 mils): Symbol U3 Pin B6 [VOUT1, Unspecified, Line]
    @(25750 mils, 10550 mils): Symbol L4 Pin 1 [1, Passive, Line]
[pin_to_pin]: Pins of type Unspecified and Passive are connected
    ; warning
    @(26450 mils, 10650 mils): Symbol U3 Pin B7 [SW1, Unspecified, Line]
    @(25750 mils, 10850 mils): Symbol L4 Pin 2 [2, Passive, Line]
[pin_to_pin]: Pins of type Unspecified and Unspecified are connected
    ; warning
    @(26450 mils, 10750 mils): Symbol U3 Pin C1 [VSYS, Unspecified, Line]
    @(26450 mils, 10850 mils): Symbol U3 Pin C2 [VSYS, Unspecified, Line]
[pin_to_pin]: Pins of type Unspecified and Passive are connected
    ; warning
    @(26450 mils, 10850 mils): Symbol U3 Pin C2 [VSYS, Unspecified, Line]
    @(26900 mils, 11750 mils): Symbol C20 Pin 1 [Passive, Line]
[lib_symbol_mismatch]: Symbol 'NPM1300-CAAA-R7' doesn't match copy in library 'easyeda2kicad'
    ; warning
    @(27350 mils, 10200 mils): Symbol U3 [NPM1300-CAAA-R7]
[multiple_net_names]: Both GND and PVSS1 are attached to the same items; GND will be used in the netlist
    ; warning
    @(5250 mils, 12250 mils): Symbol #PWR018 Pin 1 [Power input, Line]
    @(26900 mils, 12050 mils): Label 'PVSS1'
[pin_to_pin]: Pins of type Unspecified and Power input are connected
    ; warning
    @(28250 mils, 9400 mils): Symbol U3 Pin E7 [PVSS2, Unspecified, Line]
    @(28550 mils, 10000 mils): Symbol #PWR046 Pin 1 [Power input, Line]
[pin_to_pin]: Pins of type Unspecified and Bidirectional are connected
    ; warning
    @(28250 mils, 9500 mils): Symbol U3 Pin E6 [GPIO1, Unspecified, Line]
    @(18200 mils, 10650 mils): Symbol U1 Pin AC11 [P0.16, Bidirectional, Line]
[pin_to_pin]: Pins of type Unspecified and Bidirectional are connected
    ; warning
    @(28250 mils, 9600 mils): Symbol U3 Pin E5 [SDA, Unspecified, Line]
    @(18200 mils, 10450 mils): Symbol U1 Pin AC9 [P0.14, Bidirectional, Line]
[pin_to_pin]: Pins of type Unspecified and Passive are connected
    ; warning
    @(28250 mils, 9700 mils): Symbol U3 Pin E4 [VDDIO, Unspecified, Line]
    @(29400 mils, 9700 mils): Symbol C6 Pin 1 [Passive, Line]
[pin_to_pin]: Pins of type Unspecified and Bidirectional are connected
    ; warning
    @(28250 mils, 9800 mils): Symbol U3 Pin E3 [SCL, Unspecified, Line]
    @(18200 mils, 10550 mils): Symbol U1 Pin AD10 [P0.15, Bidirectional, Line]
[pin_to_pin]: Pins of type Unspecified and Passive are connected
    ; warning
    @(28250 mils, 9900 mils): Symbol U3 Pin E2 [VSET1, Unspecified, Line]
    @(28450 mils, 9900 mils): Symbol R1 Pin 1 [Passive, Line]
[pin_to_pin]: Pins of type Unspecified and Passive are connected
    ; warning
    @(28250 mils, 10000 mils): Symbol U3 Pin E1 [VSET2, Unspecified, Line]
    @(28250 mils, 10000 mils): Symbol R2 Pin 1 [Passive, Line]
[pin_to_pin]: Pins of type Unspecified and Passive are connected
    ; warning
    @(28250 mils, 10100 mils): Symbol U3 Pin D7 [SW2, Unspecified, Line]
    @(29900 mils, 9850 mils): Symbol C23 Pin 2 [Passive, Line]
[pin_to_pin]: Pins of type Unspecified and Passive are connected
    ; warning
    @(28250 mils, 10200 mils): Symbol U3 Pin D6 [GPIO0, Unspecified, Line]
    @(28800 mils, 10200 mils): Symbol SW2 Pin 1 [A, Passive, Line]
[pin_to_pin]: Pins of type Unspecified and Bidirectional are connected
    ; warning
    @(28250 mils, 10300 mils): Symbol U3 Pin D5 [CC1, Unspecified, Line]
    @(29100 mils, 14400 mils): Symbol P1 Pin A5 [CC, Bidirectional, Line]
[pin_to_pin]: Pins of type Unspecified and Passive are connected
    ; warning
    @(28250 mils, 10400 mils): Symbol U3 Pin D4 [SHPHLD, Unspecified, Line]
    @(27400 mils, 11750 mils): Symbol C22 Pin 1 [Passive, Line]
[pin_to_pin]: Pins of type Unspecified and Passive are connected
    ; warning
    @(28250 mils, 10500 mils): Symbol U3 Pin D3 [NTC, Unspecified, Line]
    @(28450 mils, 10500 mils): Symbol TH1 Pin 1 [Passive, Line]
[pin_to_pin]: Pins of type Unspecified and Bidirectional are connected
    ; warning
    @(28250 mils, 10600 mils): Symbol U3 Pin D2 [VBAT, Unspecified, Line]
    @(28250 mils, 10600 mils): Symbol #PWR41 Hidden pin  [Bidirectional, Line]
[pin_to_pin]: Pins of type Unspecified and Bidirectional are connected
    ; warning
    @(28250 mils, 10700 mils): Symbol U3 Pin D1 [VBAT, Unspecified, Line]
    @(28250 mils, 10600 mils): Symbol #PWR41 Hidden pin  [Bidirectional, Line]
[pin_to_pin]: Pins of type Unspecified and Unspecified are connected
    ; warning
    @(28250 mils, 10800 mils): Symbol U3 Pin C7 [PVDD, Unspecified, Line]
    @(28250 mils, 10400 mils): Symbol U3 Pin D4 [SHPHLD, Unspecified, Line]
[pin_to_pin]: Pins of type Unspecified and Passive are connected
    ; warning
    @(28250 mils, 10900 mils): Symbol U3 Pin C6 [VOUT2, Unspecified, Line]
    @(30000 mils, 10650 mils): Symbol L5 Pin 2 [2, Passive, Line]

 ** ERC messages: 168  Errors 8  Warnings 160

 ** Ignored checks:
    - Global label only appears once in the schematic
    - Four connection points are joined together
    - SPICE model issue
    - Assigned footprint doesn't match footprint filters
